✔ clear order uses authorised catalogue price (4.536982ms)
✔ usual item remains ambiguous (0.877887ms)
✔ missing quantity remains pending (0.253174ms)
✔ invalid quantities never become positive integer orders (0.498605ms)
✔ thousands separator is parsed without losing magnitude (0.199068ms)
✔ missing delivery remains pending (0.186836ms)
✔ unknown SKU remains pending (0.391457ms)
✔ multiple items are not silently collapsed (1.436537ms)
✔ discount is never taken from language input (0.27247ms)
✔ trade pricing comes from dealer record (0.438011ms)
✔ stock check (0.279522ms)
✔ credit check (0.148381ms)
✔ prompt injection cannot produce an approved order (0.107249ms)
✔ duplicate event returns existing order (0.118837ms)
✔ changed payload with same event key conflicts (0.496527ms)
✔ unknown dealer rejected (0.1301ms)
✔ invalid event key rejected (0.193652ms)
✔ invalid channel rejected (0.106064ms)
✔ bounded message (0.079133ms)
✔ approval required before execution (0.260887ms)
✔ clarification revalidates policy (0.1942ms)
✔ edit invalidates previous approval (0.22065ms)
✔ stale reviewer response rejected (0.162721ms)
✔ approval evidence tampering rejected (0.195097ms)
✔ commit updates inventory credit receipt once (0.168118ms)
✔ lost acknowledgement reconciles existing effect (0.162586ms)
✔ no edits after commit (0.14356ms)
✔ resource change checked again at commit (0.116327ms)
✔ pending model request preserved (0.086605ms)
✔ invalid structured output rejected (0.177247ms)
✔ state never exposes role tokens (0.186822ms)
✔ role checked by mutation store (0.509286ms)
✔ conditional-write conflict retries without double effects (0.367633ms)
✔ concurrent duplicate delivery commits one order (0.983613ms)
✔ expired session rejected (0.244597ms)
✔ 30-order sandbox bound (0.519162ms)
✔ events are bounded (2.173242ms)
✔ HTTP lifecycle and operator approval denial (10.690963ms)
✔ session isolation enforced at HTTP boundary (1.149889ms)
✔ cross-origin mutation rejected (0.479668ms)
✔ oversized HTTP payload rejected (0.636689ms)
✔ HTTP invalid payload rejected (0.765474ms)
✔ health truthfully reports deterministic mode (0.250297ms)
✔ frontend source has controls and escapes dynamic data (13.014335ms)
ℹ tests 44
ℹ suites 0
ℹ pass 44
ℹ fail 0
ℹ cancelled 0
ℹ skipped 0
ℹ todo 0
ℹ duration_ms 150.674341
